time="2026-01-07T19:29:39Z" level=warning msg="/workspaces/mismatch-recruiter/docker-compose.yml: the attribute `version` is obsolete, it will be ignored, please remove it to avoid potential confusion"
#1 [internal] load local bake definitions
#1 reading from stdin 1.01kB done
#1 DONE 0.0s

#2 [frontend internal] load build definition from Dockerfile
#2 transferring dockerfile: 630B 0.0s done
#2 WARN: FromAsCasing: 'as' and 'FROM' keywords' casing do not match (line 2)
#2 DONE 0.1s

#3 [backend internal] load build definition from Dockerfile
#3 transferring dockerfile: 1.05kB 0.0s done
#3 WARN: FromAsCasing: 'as' and 'FROM' keywords' casing do not match (line 2)
#3 DONE 0.1s

#4 [frontend internal] load metadata for docker.io/library/node:20-alpine
#4 ...

#5 [auth] library/python:pull token for registry-1.docker.io
#5 DONE 0.0s

#6 [auth] library/node:pull token for registry-1.docker.io
#6 DONE 0.0s

#7 [backend internal] load metadata for docker.io/library/python:3.12-slim
#7 ...

#4 [frontend internal] load metadata for docker.io/library/node:20-alpine
#4 DONE 0.7s

#7 [backend internal] load metadata for docker.io/library/python:3.12-slim
#7 DONE 0.7s

#8 [backend internal] load .dockerignore
#8 transferring context: 286B 0.0s done
#8 DONE 0.0s

#9 [frontend builder 1/6] FROM docker.io/library/node:20-alpine@sha256:658d0f63e501824d6c23e06d4bb95c71e7d704537c9d9272f488ac03a370d448
#9 DONE 0.0s

#10 [frontend stage-1 3/5] RUN npm install -g serve
#10 CACHED

#11 [frontend builder 2/6] WORKDIR /app
#11 CACHED

#12 [backend builder 1/5] FROM docker.io/library/python:3.12-slim@sha256:a75662dfec8d90bd7161c91050be2e0a9b21d284f3b7a7253d5db25f7d583fb3
#12 DONE 0.0s

#13 [backend builder 2/5] WORKDIR /app
#13 CACHED

#14 [backend builder 3/5] RUN apt-get update && apt-get install -y --no-install-recommends gcc && rm -rf /var/lib/apt/lists/*
#14 CACHED

#15 [backend stage-1 3/5] RUN useradd -m -u 1000 appuser
#15 CACHED

#16 [backend internal] load build context
#16 transferring context: 1.19MB 0.8s done
#16 DONE 0.8s

#17 [backend builder 4/5] COPY requirements.txt .
#17 DONE 0.0s

#18 [frontend builder 3/6] COPY package.json package-lock.json .
#18 ERROR: failed to calculate checksum of ref eb40a7b6-0098-45a3-b887-5ab668cfff24::ya17h65o5vvahgpy5mlg2wy4v: "/package.json": not found
------
 > [frontend builder 3/6] COPY package.json package-lock.json .:
------
Dockerfile:6

--------------------

   4 |     WORKDIR /app

   5 |     

   6 | >>> COPY package.json package-lock.json .

   7 |     

   8 |     RUN npm ci --only=production && cp -R node_modules /prod_node_modules && npm ci

--------------------

target frontend: failed to solve: failed to compute cache key: failed to calculate checksum of ref eb40a7b6-0098-45a3-b887-5ab668cfff24::ya17h65o5vvahgpy5mlg2wy4v: "/package.json": not found

